node.exe : npm warn config ignoring workspace config at 
C:\Users\mmurt\Downloads\pet-shop\backend/.npmrc
At C:\Program Files\nodejs\npm.ps1:29 char:3
+   & $NODE_EXE $NPM_CLI_JS $args
+   ~~~~~~~~~~~~~~~~~~~~~~~~~~~~~
    + CategoryInfo          : NotSpecified: (npm warn config...\backend/.npmrc 
   :String) [], RemoteException
    + FullyQualifiedErrorId : NativeCommandError
 

> pet-ecommerce-backend@1.0.0 test
> jest orders.test.ts

  console.log
    Attempting to connect to MongoDB...

      at connectDatabase (src/utils/database.ts:8:13)

  console.log
    MongoDB URI: mongodb://127.0.0.1:27017/pet-ecommerce-test

      at connectDatabase (src/utils/database.ts:9:13)

  console.log
    Γ£à MongoDB Connected Successfully: 127.0.0.1

      at connectDatabase (src/utils/database.ts:24:13)

  console.warn
    ΓÜá∩╕Å  MongoDB disconnected. Attempting to reconnect...

    [0m [90m 30 |[39m     
     [90m 31 |[39m     mongoose[33m.[39mconnection[33m.[39mon([32m'disconnected'[39m[33m,[39m () [33m=>[39m {
    [31m[1m>[22m[39m[90m 32 |[39m       console[33m.[39mwarn([32m'ΓÜá∩╕Å  MongoDB disconnected. Attempting to reconnect...'[39m)[33m;[39m
     [90m    |[39m               [31m[1m^[22m[39m
     [90m 33 |[39m     })[33m;[39m
     [90m 34 |[39m     
     [90m 35 |[39m     mongoose[33m.[39mconnection[33m.[39mon([32m'reconnected'[39m[33m,[39m () [33m=>[39m {[0m

      at NativeConnection.<anonymous> (src/utils/database.ts:32:15)
      at NativeConnection.set (../node_modules/mongoose/lib/connection.js:149:12)
      at NativeConnection.onClose (../node_modules/mongoose/lib/connection.js:1319:19)
      at NativeConnection._close (../node_modules/mongoose/lib/connection.js:1268:12)
      at Object.<anonymous> (src/__tests__/integration/orders.test.ts:63:5)

FAIL src/__tests__/integration/orders.test.ts
  Orders API
    POST /api/orders
      ├ù should require authentication
      ├ù should create order with valid data
      ├ù should return 400 for invalid order data
    GET /api/orders/myorders
      ├ù should require authentication
      ├ù should return user orders (1 ms)
      ├ù should support pagination
    GET /api/orders/:id
      ├ù should require authentication
      ├ù should return 404 for non-existent order
    GET /api/orders/track/:id
      ├ù should track order without authentication
    GET /api/orders/all
      ├ù should require authentication
      ├ù should require admin permissions
      ├ù should return all orders for admin
    PUT /api/orders/:id/cancel
      ├ù should require authentication
    PUT /api/orders/:id/status
      ├ù should require admin permissions
    GET /api/orders/stats
      ├ù should require admin permissions
      ├ù should return stats for admin

  ΓùÅ Orders API ΓÇ║ POST /api/orders ΓÇ║ should require authentication





  ΓùÅ Orders API ΓÇ║ POST /api/orders ΓÇ║ should create order with valid data





  ΓùÅ Orders API ΓÇ║ POST /api/orders ΓÇ║ should return 400 for invalid order 
data





  ΓùÅ Orders API ΓÇ║ GET /api/orders/myorders ΓÇ║ should require authentication





  ΓùÅ Orders API ΓÇ║ GET /api/orders/myorders ΓÇ║ should return user orders





  ΓùÅ Orders API ΓÇ║ GET /api/orders/myorders ΓÇ║ should support pagination





  ΓùÅ Orders API ΓÇ║ GET /api/orders/:id ΓÇ║ should require authentication





  ΓùÅ Orders API ΓÇ║ GET /api/orders/:id ΓÇ║ should return 404 for 
non-existent order





  ΓùÅ Orders API ΓÇ║ GET /api/orders/track/:id ΓÇ║ should track order without 
authentication





  ΓùÅ Orders API ΓÇ║ GET /api/orders/all ΓÇ║ should require authentication





  ΓùÅ Orders API ΓÇ║ GET /api/orders/all ΓÇ║ should require admin permissions





  ΓùÅ Orders API ΓÇ║ GET /api/orders/all ΓÇ║ should return all orders for admin





  ΓùÅ Orders API ΓÇ║ PUT /api/orders/:id/cancel ΓÇ║ should require 
authentication





  ΓùÅ Orders API ΓÇ║ PUT /api/orders/:id/status ΓÇ║ should require admin 
permissions





  ΓùÅ Orders API ΓÇ║ GET /api/orders/stats ΓÇ║ should require admin permissions





  ΓùÅ Orders API ΓÇ║ GET /api/orders/stats ΓÇ║ should return stats for admin





Test Suites: 1 failed, 1 total
Tests:       16 failed, 16 total
Snapshots:   0 total
Time:        2.848 s, estimated 3 s
Ran all test suites matching /orders.test.ts/i.
npm error Lifecycle script `test` failed with error:
npm error code 1
npm error path C:\Users\mmurt\Downloads\pet-shop\backend
npm error workspace pet-ecommerce-backend@1.0.0
npm error location C:\Users\mmurt\Downloads\pet-shop\backend
npm error command failed
npm error command C:\WINDOWS\system32\cmd.exe /d /s /c jest orders.test.ts
